app/(tabs)/academy.tsx(150,9): error TS2783: 'backgroundColor' is specified more than once, so this usage will be overwritten.
app/(tabs)/academy.tsx(151,9): error TS2783: 'borderRadius' is specified more than once, so this usage will be overwritten.
app/(tabs)/game.tsx(30,17): error TS2769: No overload matches this call.
  Overload 1 of 2, '(props: LinearGradientProps): LinearGradient', gave the following error.
    Type 'string[]' is not assignable to type 'readonly [ColorValue, ColorValue, ...ColorValue[]]'.
      Source provides no match for required element at position 0 in target.
  Overload 2 of 2, '(props: LinearGradientProps, context: any): LinearGradient', gave the following error.
    Type 'string[]' is not assignable to type 'readonly [ColorValue, ColorValue, ...ColorValue[]]'.
      Source provides no match for required element at position 0 in target.
app/(tabs)/home.tsx(144,9): error TS2783: 'backgroundColor' is specified more than once, so this usage will be overwritten.
app/(tabs)/home.tsx(145,9): error TS2783: 'borderRadius' is specified more than once, so this usage will be overwritten.
app/(tabs)/profile.tsx(27,17): error TS2769: No overload matches this call.
  Overload 1 of 2, '(props: LinearGradientProps): LinearGradient', gave the following error.
    Type 'string[]' is not assignable to type 'readonly [ColorValue, ColorValue, ...ColorValue[]]'.
      Source provides no match for required element at position 0 in target.
  Overload 2 of 2, '(props: LinearGradientProps, context: any): LinearGradient', gave the following error.
    Type 'string[]' is not assignable to type 'readonly [ColorValue, ColorValue, ...ColorValue[]]'.
      Source provides no match for required element at position 0 in target.
app/admin/index.tsx(30,26): error TS2322: Type '"night"' is not assignable to type 'ContainerMode | undefined'.
app/admin/matches/[id].tsx(78,26): error TS2322: Type '"light"' is not assignable to type 'ContainerMode | undefined'.
app/admin/matches/[id].tsx(84,79): error TS7006: Parameter 't' implicitly has an 'any' type.
app/admin/matches/[id].tsx(85,105): error TS7006: Parameter 't' implicitly has an 'any' type.
app/admin/matches/[id].tsx(88,93): error TS7006: Parameter 't' implicitly has an 'any' type.
app/admin/matches/[id].tsx(89,94): error TS7006: Parameter 't' implicitly has an 'any' type.
app/admin/matches/[id].tsx(94,96): error TS7006: Parameter 't' implicitly has an 'any' type.
app/admin/matches/[id].tsx(95,97): error TS7006: Parameter 't' implicitly has an 'any' type.
app/admin/matches/index.tsx(67,26): error TS2322: Type '"light"' is not assignable to type 'ContainerMode | undefined'.
components/features/HeroCard.tsx(31,17): error TS2769: No overload matches this call.
  Overload 1 of 2, '(props: LinearGradientProps): LinearGradient', gave the following error.
    Type 'string[]' is not assignable to type 'readonly [ColorValue, ColorValue, ...ColorValue[]]'.
      Source provides no match for required element at position 0 in target.
  Overload 2 of 2, '(props: LinearGradientProps, context: any): LinearGradient', gave the following error.
    Type 'string[]' is not assignable to type 'readonly [ColorValue, ColorValue, ...ColorValue[]]'.
      Source provides no match for required element at position 0 in target.
components/features/ProfileCard.tsx(22,17): error TS2769: No overload matches this call.
  Overload 1 of 2, '(props: LinearGradientProps): LinearGradient', gave the following error.
    Type 'string[]' is not assignable to type 'readonly [ColorValue, ColorValue, ...ColorValue[]]'.
      Source provides no match for required element at position 0 in target.
  Overload 2 of 2, '(props: LinearGradientProps, context: any): LinearGradient', gave the following error.
    Type 'string[]' is not assignable to type 'readonly [ColorValue, ColorValue, ...ColorValue[]]'.
      Source provides no match for required element at position 0 in target.
components/ui/LiquidContainer.tsx(72,21): error TS2769: No overload matches this call.
  Overload 1 of 2, '(props: LinearGradientProps): LinearGradient', gave the following error.
    Type 'string[]' is not assignable to type 'readonly [ColorValue, ColorValue, ...ColorValue[]]'.
      Source provides no match for required element at position 0 in target.
  Overload 2 of 2, '(props: LinearGradientProps, context: any): LinearGradient', gave the following error.
    Type 'string[]' is not assignable to type 'readonly [ColorValue, ColorValue, ...ColorValue[]]'.
      Source provides no match for required element at position 0 in target.
supabase/functions/sync-hockey-data/index.ts(1,30): error TS2307: Cannot find module 'https://esm.sh/@supabase/supabase-js@2' or its corresponding type declarations.
supabase/functions/sync-hockey-data/index.ts(8,1): error TS2304: Cannot find name 'Deno'.
supabase/functions/sync-hockey-data/index.ts(8,19): error TS7006: Parameter 'req' implicitly has an 'any' type.
supabase/functions/sync-hockey-data/index.ts(15,13): error TS2304: Cannot find name 'Deno'.
supabase/functions/sync-hockey-data/index.ts(16,13): error TS2304: Cannot find name 'Deno'.
supabase/functions/sync-hockey-data/index.ts(19,25): error TS2304: Cannot find name 'Deno'.
supabase/functions/sync-hockey-data/index.ts(111,53): error TS18046: 'error' is of type 'unknown'.
